*****************************************************************
      SolidWorks 公司 - IGES 处理器状态报告
*****************************************************************
=================================================================
总信息
=================================================================
发送系统产品 I.D.  : 20GZDS01-003-06-15
接收系统产品 I.D.  : 20GZDS01-003-06-15
文件名称                    : 20GZDS01-003-06-15.igs
发送系统              : DASSAULT SYSTEMES CATIA V5 R21 - www.3ds.com
预处理器版本         : CATIA Version 5 Release 21 
文件生成日期          : 20200327.164552
模型生成日期         : 20200327.164552
单位                        : MM
模型空间比例            : 1
作者                       : Administrator
组织                 : XRMRMINGYU


=================================================================
实体处理信息
=================================================================


=================================================================
IGES 文件的精度分析：
=================================================================
  有效位数的最普遍的数:              10
  有效位数的最大数:                     10
  有效位数的平均数:                 9.1247
  与原点的最大距离:                          220.007
  与原点的最小距离:                          92.9157
  有效位数的有效数:              9.60868


=================================================================
实体概要
=================================================================
-----------------------------------------------------------------
类型名称                                         记数转换
---- ----                                         ----- ---------
100  Arc                                             49        49
102  Composite curve                                 60        60
108  Plane                                           21        21
110  Line                                           254       254
120  Surface of revolution                           23        23
124  Transformation matrix                           49        49
126  Rational B-spline curve                         43        43
142  Curve on a parametric surface                   60        60
144  Trimmed parametric surface                      52        52
_________________________________________________________________


=================================================================
结果概要
=================================================================
SolidWorks 特征类型                记数
-----------------------                -----
实体特征                       1
曲面特征                     0
曲线/草图特征                0
--------------------------------------------
开始时间: 星期五, 三月 27, 2020 17:35:56
结束时间: 星期五, 三月 27, 2020 17:36:03
处理时间: 0 days, 00 hours, 00 mins, 07 secs
